../Core/Src/peri/eth.c:345:6:ETH_IRQHandler	32	static
../Core/Src/peri/eth.c:405:6:ETH_WKUP_IRQHandler	4	static
../Core/Src/peri/eth.c:412:13:dma_reset	24	static
../Core/Src/peri/eth.c:427:13:eth_config	32	static
../Core/Src/peri/eth.c:566:13:tx_desc_config	32	static
../Core/Src/peri/eth.c:594:13:rx_desc_config	32	static
../Core/Src/peri/eth.c:626:13:desc_config	16	static
../Core/Src/peri/eth.c:633:17:phy_read	32	static
../Core/Src/peri/eth.c:662:17:phy_write	24	static
../Core/Src/peri/eth.c:685:17:mmd_read	32	static
../Core/Src/peri/eth.c:729:17:mmd_write	24	static
../Core/Src/peri/eth.c:773:17:set_led_func	24	static
../Core/Src/peri/eth.c:791:6:eth_init	32	static
../Core/Src/peri/eth.c:815:10:eth_open	24	static
../Core/Src/peri/eth.c:853:10:eth_send	48	static,ignoring_inline_asm
../Core/Src/peri/eth.c:918:10:eth_recv	48	static
../Core/Src/peri/eth.c:967:10:eth_go_down	40	static
../Core/Src/peri/eth.c:1076:13:mmd_cmd_read	32	static
../Core/Src/peri/eth.c:1101:13:mmd_cmd_write	32	static
../Core/Src/peri/eth.c:1127:13:phy_cmd_read	32	static
../Core/Src/peri/eth.c:1152:6:eth_set_cmd	16	static
