../Core/Src/peri/eth.c:318:6:ETH_IRQHandler	32	static
../Core/Src/peri/eth.c:367:6:ETH_WKUP_IRQHandler	4	static
../Core/Src/peri/eth.c:374:13:dma_reset	24	static
../Core/Src/peri/eth.c:389:13:eth_config	32	static
../Core/Src/peri/eth.c:506:13:tx_desc_config	16	static
../Core/Src/peri/eth.c:525:13:rx_desc_config	16	static
../Core/Src/peri/eth.c:552:13:desc_config	8	static
../Core/Src/peri/eth.c:559:17:phy_read	32	static
../Core/Src/peri/eth.c:588:17:phy_write	24	static
../Core/Src/peri/eth.c:611:17:mmd_read	32	static
../Core/Src/peri/eth.c:655:17:mmd_write	24	static
../Core/Src/peri/eth.c:699:17:set_led_func	24	static
../Core/Src/peri/eth.c:717:17:send_wait	32	static
../Core/Src/peri/eth.c:745:6:eth_init	32	static
../Core/Src/peri/eth.c:769:10:eth_open	24	static
../Core/Src/peri/eth.c:801:10:eth_send	48	static
../Core/Src/peri/eth.c:912:10:eth_recv	48	static
../Core/Src/peri/eth.c:972:10:eth_go_down	32	static
../Core/Src/peri/eth.c:1078:13:mmd_cmd_read	32	static
../Core/Src/peri/eth.c:1103:13:mmd_cmd_write	32	static
../Core/Src/peri/eth.c:1129:13:phy_cmd_read	32	static
../Core/Src/peri/eth.c:1154:6:eth_set_cmd	16	static
