../Core/Src/peri/eth_org.c:319:6:ETH_IRQHandler	32	static
../Core/Src/peri/eth_org.c:368:6:ETH_WKUP_IRQHandler	4	static
../Core/Src/peri/eth_org.c:375:13:dma_reset	24	static
../Core/Src/peri/eth_org.c:390:13:eth_config	32	static
../Core/Src/peri/eth_org.c:521:13:tx_desc_config	16	static
../Core/Src/peri/eth_org.c:540:13:rx_desc_config	16	static
../Core/Src/peri/eth_org.c:567:13:desc_config	8	static
../Core/Src/peri/eth_org.c:574:17:phy_read	32	static
../Core/Src/peri/eth_org.c:603:17:phy_write	24	static
../Core/Src/peri/eth_org.c:626:17:mmd_read	32	static
../Core/Src/peri/eth_org.c:670:17:mmd_write	24	static
../Core/Src/peri/eth_org.c:714:17:set_led_func	24	static
../Core/Src/peri/eth_org.c:732:17:send_wait	32	static
../Core/Src/peri/eth_org.c:760:6:eth_init	32	static
../Core/Src/peri/eth_org.c:784:10:eth_open	24	static
../Core/Src/peri/eth_org.c:816:10:eth_send	48	static
../Core/Src/peri/eth_org.c:927:10:eth_recv	48	static
../Core/Src/peri/eth_org.c:987:10:eth_go_down	32	static
../Core/Src/peri/eth_org.c:1093:13:mmd_cmd_read	32	static
../Core/Src/peri/eth_org.c:1118:13:mmd_cmd_write	32	static
../Core/Src/peri/eth_org.c:1144:13:phy_cmd_read	32	static
../Core/Src/peri/eth_org.c:1169:6:eth_set_cmd	16	static
