../Core/Src/middle/microps/net.c:51:20:net_device_alloc	16	static
../Core/Src/middle/microps/net.c:66:22:net_protocol_alloc	16	static
../Core/Src/middle/microps/net.c:82:10:net_device_register	24	static
../Core/Src/middle/microps/net.c:100:17:net_device_open	24	static
../Core/Src/middle/microps/net.c:121:17:net_device_close	24	static
../Core/Src/middle/microps/net.c:141:42:net_protocol_queue_push	32	static
../Core/Src/middle/microps/net.c:165:42:net_protocol_queue_pop	24	static
../Core/Src/middle/microps/net.c:180:10:net_init	56	static
../Core/Src/middle/microps/net.c:237:10:net_run	16	static
../Core/Src/middle/microps/net.c:252:10:net_shutdown	16	static
../Core/Src/middle/microps/net.c:268:10:net_device_output	48	static
../Core/Src/middle/microps/net.c:297:10:net_input	48	static
../Core/Src/middle/microps/net.c:321:10:net_protocol_register	32	static
../Core/Src/middle/microps/net.c:349:10:net_device_add_iface	32	static
../Core/Src/middle/microps/net.c:371:20:net_device_get_iface	24	static
